<html>
<body>
<pre>
<h1>礦ision Build Log</h1>
<h2>Tool Versions:</h2>
IDE-Version: μVision V5.23.0.0
Copyright (C) 2017 ARM Ltd and ARM Germany GmbH. All rights reserved.
License Information: xiao chong, HP Inc., LIC=IK12Z-J5C81-XUD41-CPIT9-9SM4M-H6Y9P
 
Tool Versions:
Toolchain:       MDK-ARM Plus  Version: 5.23
Toolchain Path:  E:\MDK5\MDKanzhaung\ARM\ARMCC\Bin
C Compiler:      Armcc.exe V5.06 update 4 (build 422)
Assembler:       Armasm.exe V5.06 update 4 (build 422)
Linker/Locator:  ArmLink.exe V5.06 update 4 (build 422)
Library Manager: ArmAr.exe V5.06 update 4 (build 422)
Hex Converter:   FromElf.exe V5.06 update 4 (build 422)
CPU DLL:         SARMCM3.DLL V5.23
Dialog DLL:      DCM.DLL V1.15.0.0
Target DLL:      UL2CM3.DLL V1.159.7.0
Dialog DLL:      TCM.DLL V1.27.0.0
 
<h2>Project:</h2>
C:\Users\小虫\Desktop\台灯资料\10.基于STM32单片机教室节能照明（套餐二）\8.STM32源代码源文件（Keil）\设计源代码（keil）\USER\KEY.uvprojx
Project File Date:  09/27/2022

<h2>Output:</h2>
*** Using Compiler 'V5.06 update 4 (build 422)', folder: 'E:\MDK5\MDKanzhaung\ARM\ARMCC\Bin'
Build target 'KEY'
compiling main.c...
compiling key.c...
linking...
Program Size: Code=15438 RO-data=3146 RW-data=72 ZI-data=1832  
FromELF: creating hex file...
"..\OBJ\KEY.axf" - 0 Error(s), 0 Warning(s).

<h2>Collection of Component include folders:</h2>
  .\RTE\_KEY
  E:\MDK5\MDKanzhaung\ARM\PACK\Keil\STM32F1xx_DFP\2.2.0\Device\Include

<h2>Collection of Component Files used:</h2>
Build Time Elapsed:  00:00:04
</pre>
</body>
</html>
